// Jest Snapshot v1, https://goo.gl/fbAQLP

exports[`Breadcrumb renders correctly the component 1`] = `"<nav class=\\"MuiTypography-root MuiBreadcrumbs-root MuiTypography-body1 MuiTypography-colorTextSecondary\\" aria-label=\\"Breadcrumb\\"><ol class=\\"MuiBreadcrumbs-ol\\"><li class=\\"MuiBreadcrumbs-li\\"><a class=\\"MuiTypography-root MuiLink-root MuiLink-underlineHover MuiTypography-colorInherit\\" href=\\"\\"><svg class=\\"MuiSvgIcon-root StyledComponent-root-41\\" focusable=\\"false\\" viewBox=\\"0 0 24 24\\" aria-hidden=\\"true\\" role=\\"presentation\\"><path d=\\"M10 20v-6h4v6h5v-8h3L12 3 2 12h3v8z\\"></path></svg></a></li></ol></nav>"`;
