// Jest Snapshot v1, https://goo.gl/fbAQLP

exports[`Button renders correctly the component 1`] = `"<button class=\\"MuiButtonBase-root MuiButton-root MuiButton-contained MuiButton-containedPrimary\\" tabindex=\\"0\\" type=\\"button\\"><span class=\\"MuiButton-label\\"></span></button>"`;
