// Jest Snapshot v1, https://goo.gl/fbAQLP

exports[`Typography renders correctly the component 1`] = `"<p class=\\"MuiTypography-root MuiTypography-body1\\"></p>"`;
