// Jest Snapshot v1, https://goo.gl/fbAQLP

exports[`Hero renders correctly the component 1`] = `[Function]`;
