// Jest Snapshot v1, https://goo.gl/fbAQLP

exports[`List renders correctly the component 1`] = `"<ul class=\\"MuiList-root MuiList-padding\\"><div class=\\"MuiButtonBase-root MuiListItem-root MuiListItem-gutters MuiListItem-button\\" tabindex=\\"0\\" role=\\"button\\" aria-disabled=\\"false\\"><a class=\\"MuiTypography-root MuiLink-root MuiLink-underlineNone MuiTypography-colorPrimary\\" href=\\"/item1\\"><div class=\\"MuiListItemText-root\\"><span class=\\"MuiTypography-root MuiListItemText-primary MuiTypography-body1\\">item1</span></div></a></div><div class=\\"MuiButtonBase-root MuiListItem-root MuiListItem-gutters MuiListItem-button\\" tabindex=\\"0\\" role=\\"button\\" aria-disabled=\\"false\\"><a class=\\"MuiTypography-root MuiLink-root MuiLink-underlineNone MuiTypography-colorPrimary\\" href=\\"/item2\\"><div class=\\"MuiListItemText-root\\"><span class=\\"MuiTypography-root MuiListItemText-primary MuiTypography-body1\\">item2</span></div></a></div></ul>"`;
