// Jest Snapshot v1, https://goo.gl/fbAQLP

exports[`Dialog renders correctly the component 1`] = `""`;
