// Jest Snapshot v1, https://goo.gl/fbAQLP

exports[`Footer Should render the component as expected 1`] = `
<div>
  footer
</div>
`;
