// Jest Snapshot v1, https://goo.gl/fbAQLP

exports[`SideMenu renders correctly the component 1`] = `"<div><button class=\\"MuiButtonBase-root MuiIconButton-root makeStyles-iconButton-1 MuiIconButton-colorInherit\\" tabindex=\\"0\\" type=\\"button\\" aria-label=\\"icon-button\\"><span class=\\"MuiIconButton-label\\"><span class=\\"material-icons MuiIcon-root\\" aria-hidden=\\"true\\" aria-label=\\"sideMenu.openDrawer\\">menu</span></span></button></div>"`;
