// Jest Snapshot v1, https://goo.gl/fbAQLP

exports[`Link renders correctly the component 1`] = `"<a class=\\"MuiTypography-root MuiLink-root MuiLink-underlineHover MuiTypography-colorPrimary\\" href=\\"/\\">link</a>"`;
