// Jest Snapshot v1, https://goo.gl/fbAQLP

exports[`Header renders correctly the component 1`] = `"<div class=\\"StyledComponent-root-1\\" id=\\"header\\"><header class=\\"MuiPaper-root MuiPaper-elevation4 MuiAppBar-root MuiAppBar-positionStatic MuiAppBar-colorPrimary\\"><div class=\\"MuiToolbar-root MuiToolbar-regular MuiToolbar-gutters\\"><div><button class=\\"MuiButtonBase-root MuiIconButton-root makeStyles-iconButton-42 MuiIconButton-colorInherit\\" tabindex=\\"0\\" type=\\"button\\" aria-label=\\"icon-button\\"><span class=\\"MuiIconButton-label\\"><span class=\\"material-icons MuiIcon-root\\" aria-hidden=\\"true\\" aria-label=\\"sideMenu.openDrawer\\">menu</span></span></button></div><h1 class=\\"MuiTypography-root StyledComponent-root-76 MuiTypography-h6 MuiTypography-colorInherit MuiTypography-noWrap\\"></h1></div></header></div>"`;
