// Jest Snapshot v1, https://goo.gl/fbAQLP

exports[`Divider renders correctly the component 1`] = `"<hr class=\\"MuiDivider-root makeStyles-divider-1 MuiDivider-vertical\\"/>"`;
